🧪 Test de qualité de Narration Vimax...
🧬 ADN Stylistique détecté: {
  vocabulary: [
    'grincement', 'sueur',
    'métallique', 'pouls',
    'ombre',      'craquement',
    'poussière',  'souffle',
    'battement',  'froid',
    'acide',      'rugueux',
    'étincelle',  'sifflement'
  ],
  forbidden: [
    'soudainement',
    'il semble que',
    'il commence à',
    'il décide de',
    'en conclusion',
    "l'important est",
    'magnifique',
    'incroyable',
    'petit à petit'
  ]
}

--- GÉNÉRATION DE NARRATION (DEBUG) ---
(node:29118) Warning: Setting the NODE_TLS_REJECT_UNAUTHORIZED environment variable to '0' makes TLS connections and HTTPS requests insecure by disabling certificate verification.
(Use `node --trace-warnings ...` to show where the warning was created)

Narration Finale :
 Eliott soulève le couvercle de la malle, un grincement strident résonnant dans l'air stagnant. Une odeur de poussière et de vieux cuir l'étreint comme une étreinte oubliée. Ses doigts, tremblants, effleurent la surface rugueuse du journal; la couverture craquelée murmure des secrets d'antan. Il l'ouvre avec précaution, provoquant un nuage de pages jaunies qui s'effritent sous son geste, libérant un souffle acide, à la fois familier et dérangeant. Le battement de son cœur, rapide, résonne comme un tambour dans le silence. Les ombres, animées par une lumière vacillante, dansent sur les murs, s'étirant et se contractant, telles des spectres du passé. Son pouls martèle la mélodie d'une angoisse sourde, un écho d'histoires inachevées.

--- FIN DU TEST ---
